C51 COMPILER V9.00   TRAFFICLIGHT                                                          03/20/2020 13:30:58 PAGE 1   


C51 COMPILER V9.00, COMPILATION OF MODULE TRAFFICLIGHT
OBJECT MODULE PLACED IN trafficlight.OBJ
COMPILER INVOKED BY: C:\Keil\C51\BIN\C51.EXE trafficlight.c BROWSE DEBUG OBJECTEXTEND

line level    source

   1          #include<reg52.h>
   2          #define uchar unsigned char
   3          #define uint unsigned int
   4          sbit EW_RED = P1 ^ 3;
   5          sbit EW_YELLOW = P1 ^ 2;
   6          sbit EW_GREEN = P1 ^ 1;
   7          sbit SN_RED = P1 ^ 7;
   8          sbit SN_YELLOW = P1 ^ 6;
   9          sbit SN_GREEN = P1 ^ 5;
  10          sbit EW_MAN = P1 ^ 0;
  11          sbit STOP = P3 ^ 2;
  12          char TIME_EW;
  13          char TIME_SN;
  14          void delay(uint ms)
  15          {
  16   1              uint i = ms * 91;
  17   1              for (; i > 0; i--);
  18   1      }
  19          void display(uchar bin)
  20          {
  21   1              char h, l;
  22   1              h = bin / 10;
  23   1              l = bin % 10;
  24   1              P2 = h * 16 + l;
  25   1      }
  26          void main()
  27          {
  28   1              char i, j;
  29   1              while (1)
  30   1              {
  31   2                      STOP = 1;
  32   2                      while (STOP)
  33   2                      {
  34   3                              TIME_EW = 0;
  35   3                              STOP = 1;
  36   3                              P1 = 0x82;
  37   3                              display(TIME_EW);
  38   3                      }
  39   2                      delay(20);
  40   2                      STOP = 1;
  41   2                      while (!STOP)
  42   2                      {
  43   3                              TIME_EW = 10;
  44   3                              for ( i = TIME_EW; i>=5;i--)
  45   3                              {
  46   4                                      display(i);
  47   4                                      delay(500);
  48   4                                      P1 = 0x82;
  49   4                                      delay(500);
  50   4                              }
  51   3                              for (i = 5; i >= 0; i--)
  52   3                              {
  53   4                                      display(i);
  54   4                                      P1 = 0x80;
  55   4                                      delay(500);
C51 COMPILER V9.00   TRAFFICLIGHT                                                          03/20/2020 13:30:58 PAGE 2   

  56   4                                      P1 = 0x82;
  57   4                                      delay(500);
  58   4                              }
  59   3                              for (i = 3; i >= 0; i--)
  60   3                              {
  61   4                                      display(i);
  62   4                                      P1 = 0x84;
  63   4                                      delay(500);
  64   4                                      delay(500);
  65   4                              }
  66   3                              TIME_EW = 20;
  67   3                              for (j = 5; j >= 0; j--)
  68   3                              {
  69   4                                      display(j);
  70   4                                      delay(500);
  71   4                                      P1 = 0x28;
  72   4                                      delay(500);
  73   4                              }
  74   3                              for (j = 10; j >= 0; j--)
  75   3                              {
  76   4                                      P1 = 0x08;
  77   4                                      display(j);
  78   4                                      delay(500);
  79   4                                      P1 = 0x28;
  80   4                                      delay(500);
  81   4                              }
  82   3                      }
  83   2              }
  84   1      }


MODULE INFORMATION:   STATIC OVERLAYABLE
   CODE SIZE        =    214    ----
   CONSTANT SIZE    =   ----    ----
   XDATA SIZE       =   ----    ----
   PDATA SIZE       =   ----    ----
   DATA SIZE        =      2    ----
   IDATA SIZE       =   ----    ----
   BIT SIZE         =   ----    ----
END OF MODULE INFORMATION.


C51 COMPILATION COMPLETE.  0 WARNING(S),  0 ERROR(S)
